30*30=900 30*31=930 30*32=960 
31*30=930 31*31=961 31*32=992 
32*30=960 32*31=992 32*32=1024 
