10241024*10241024=104878572568576 10241024*10241025=104878582809600 10241024*10241026=104878593050624 
10241025*10241024=104878582809600 10241025*10241025=104878593050625 10241025*10241026=104878603291650 
10241026*10241024=104878593050624 10241026*10241025=104878603291650 10241026*10241026=104878613532676 
