Я дико извиняюсь, но в этой кодировке нельзя без ХЎ
