Original init: q=69 k='E' w=1
Original init: q=70 k='F' w=1
Original init: q=71 k='G' w=1
Original init: q=72 k='H' w=1
Original init: q=73 k='I' w=1
Original init: q=74 k='J' w=1
Original init: q=75 k='K' w=1
Original init: q=76 k='L' w=1
Original init: q=77 k='M' w=1
Original init: q=78 k='N' w=1
10
Original
0
