__repr__: (), {}
I can take square roooooooot!! =)
__call__: (2.2,), {}
1.48
__call__: ('So...',), {}
No no no no no no STOP! What is this?!
