!KnyKnyKny_Iv_Iv_Ivanoanoanoazeazeazegorgorgorh__h__h__h_th_th_tmucmucmucoo_oo_oo_v_Ev_Ev_Evicvicvic
