 .U_b_d_i_k_s_t_w_waabatblebexg_hillannentooorowritetew