Size=1073210, Type=1, Channels=2, Rate=8000, Bits=16, Data size=1072948
