[3, 26, 33, 35, 55, 57, 62, 68, 68, 80, 83, 83, 84, 92, 92, 97]
