Точно, пароль же есть на email, совсем забыл. восстановление не потребуется)спасибо
1145357
598371
Fafafaf
3
