Invalid input
Invalid input
Invalid input
Not a triangle
Not a triangle
0.50
