[3, 3, 3, 4, 8, 11, 11, 17, 22, 33, 34, 34, 39, 43, 45, 47, 54, 59, 59, 65, 79, 82, 84, 85, 93, 96, 102, 104, 115, 117, 133, 139, 143, 150, 150, 152, 154, 156, 178, 184, 187, 188, 192, 203, 204, 207, 208, 219, 229, 229, 231, 238, 245, 248, 254, 269, 273, 275, 276, 280, 281, 284, 287, 287, 298]