[17, 25, 27, 39, 40, 46, 53, 59, 60, 61, 67, 69, 72, 78, 79, 90, 104, 106, 114, 124, 125, 128, 131, 136, 136, 137, 152, 153, 157, 166, 169, 170, 173, 176, 177, 178, 178, 184, 186, 187, 187, 191, 197, 198, 221, 223, 225, 229, 244, 250, 262, 263, 267, 271, 275, 277, 279, 281, 281, 282, 289, 289, 297]