[0, 2, 5, 6, 10, 16, 16, 18, 19, 21, 24, 28, 30, 35, 37, 38, 38, 40, 42, 42, 44, 46, 46, 47, 49, 49, 51, 52, 54, 55, 60, 61, 64, 69, 69, 70, 71, 77, 79, 82, 85, 85, 93, 93, 95, 95, 95, 99]